// Jest Snapshot v1, https://goo.gl/fbAQLP

exports[`Product Item component Should render ProductItem 1`] = `
<div>
  <article
    class="article-content"
    data-testid="product-card"
  >
    <div
      class="article-content_thumb"
    >
      <img
        alt="black boots, 100% original leather"
        src="https://img.freepik.com/free-photo/travel-still-life-pack-top-view_23-2148837322.jpg?w=1800&t=st=1705363387~exp=1705363987~hmac=6e3c55c14a115cde11830ae5b8babaf38e22f4974aff67fa809b2a7efe449e62"
      />
    </div>
    <div
      class="article-content_description"
    >
      <h2
        class="article-content_title"
      >
        black boots, 100% original leather
      </h2>
      <p
        class="article-content_parragraph"
      >
        Magna eiusmod proident non culpa et in sunt consectetur esse amet sit Enim et exercitation mollit duis sit elit exercitation non magna Ipsum sint commodo laboris non adipisicing ad dolor aliquip est voluptate ut Aute enim dolore aute non Tempor magna excepteur ut sit Lorem irure deserunt in proident
      </p>
      <div
        class="article-content_action"
      >
        <h6
          class="article-content_price"
        >
          $Â 213.131
        </h6>
        <button
          class="btn-primary"
        >
          Buy
        </button>
      </div>
    </div>
  </article>
</div>
`;
